RL_PLAN Phase 0 — the classical driver's fastest CLEAN lap of Spa (6999 m)

    v_max   grip   done    lap s   % lap    slip  rule 4
     12.0   0.60   True    584.8  100.0%    3.4°  VALID
     14.0   0.60   True    503.0  100.0%    3.5°  VALID
     16.0   0.60   True    442.4  100.0%    4.5°  VALID
     18.0   0.60   True    397.1  100.0%    5.6°  VALID
     19.0   0.60   True    378.5  100.0%    6.0°  VALID
     20.0   0.60   True    362.1  100.0%    6.1°  VALID
     21.0   0.60   True    347.6  100.0%    8.0°  VALID
     22.0   0.60   True    334.7  100.0%   10.8°  VALID
     23.0   0.60  False    323.3  100.0%   15.6°  
     24.0   0.60  False    120.0   38.5%   53.5°  
     28.0   0.60  False     44.1   15.6%   47.9°  
     34.0   0.60  False     37.7   15.3%   51.4°  
     45.0   0.60  False     31.4   14.6%   48.5°  
     12.0   0.70   True    584.1  100.0%    4.3°  VALID
     14.0   0.70   True    502.2  100.0%    6.0°  VALID
     16.0   0.70   True    441.2  100.0%    6.3°  VALID
     18.0   0.70   True    394.7  100.0%    7.6°  VALID
     19.0   0.70   True    375.8  100.0%    8.7°  VALID
     20.0   0.70   True    359.0  100.0%    9.1°  VALID
     21.0   0.70   True    344.1  100.0%    9.4°  VALID
     22.0   0.70   True    330.8  100.0%   11.6°  VALID
     23.0   0.70  False    112.1   35.4%   54.7°  
     24.0   0.70  False    107.3   35.3%   51.2°  
     28.0   0.70  False     43.7   15.7%   46.9°  
     34.0   0.70  False     37.3   15.3%   51.5°  
     45.0   0.70  False     31.0   14.6%   48.9°  
     12.0   0.85   True    583.5  100.0%    6.4°  VALID
     14.0   0.85  False    501.3  100.0%   13.2°  
     16.0   0.85  False    440.1  100.0%   13.6°  
     18.0   0.85  False    392.9  100.0%   14.4°  
     19.0   0.85  False    373.4  100.0%   15.1°  
     20.0   0.85  False    356.1  100.0%   17.8°  
     21.0   0.85  False    125.3   36.6%   48.6°  
     22.0   0.85  False    119.0   36.3%   25.6°  
     23.0   0.85  False    111.3   35.4%   53.0°  
     24.0   0.85  False    105.9   35.0%   46.4°  
     28.0   0.85  False     43.5   15.8%   28.2°  
     34.0   0.85  False     18.3    6.5%   49.8°  
     45.0   0.85  False     11.3    5.6%   52.4°  

  TARGET: 330.8 s at v_max=22 m/s, grip_use=0.70, worst slip 11.6°
  [MEASURED] our own classical driver, which gets a global speed plan the RL policy does not. An upper reference, NOT an external validation (rule 2).

  wrote phase0_target.json
