======================================================================
POWER-REVIEW Phase 3 — Season 3 RL at 1x power
  drive_max 4500 -> 4500 N
  5,000,000 steps, design conditioned on front_mass_fraction (0.4, 0.65)

    upd    0 steps=     4,096 EV=+0.004 ret=   -14.4 off=1.00
    upd   25 steps=   106,496 EV=+0.490 ret=   -15.7 off=0.90
    upd   50 steps=   208,896 EV=+0.685 ret=   -19.6 off=0.88
    upd   75 steps=   311,296 EV=+0.669 ret=    -7.4 off=0.70
    upd  100 steps=   413,696 EV=+0.718 ret=    21.1 off=0.28
    upd  125 steps=   516,096 EV=+0.982 ret=    39.4 off=0.00
    upd  150 steps=   618,496 EV=+0.911 ret=    38.7 off=0.10
    upd  175 steps=   720,896 EV=+0.953 ret=    32.7 off=0.34
    upd  200 steps=   823,296 EV=+0.964 ret=    38.7 off=0.34
    upd  225 steps=   925,696 EV=+0.931 ret=    42.6 off=0.32
    upd  250 steps= 1,028,096 EV=+0.563 ret=   104.0 off=0.62
    upd  275 steps= 1,130,496 EV=+0.663 ret=   229.3 off=0.56
    upd  300 steps= 1,232,896 EV=+0.475 ret=   361.9 off=0.10
    upd  325 steps= 1,335,296 EV=+0.881 ret=   379.5 off=0.04
    upd  350 steps= 1,437,696 EV=+0.903 ret=   358.0 off=0.10
    upd  375 steps= 1,540,096 EV=+0.974 ret=   393.1 off=0.00
    upd  400 steps= 1,642,496 EV=+0.624 ret=   379.1 off=0.04
    upd  425 steps= 1,744,896 EV=+0.826 ret=   327.2 off=0.20
    upd  450 steps= 1,847,296 EV=+0.079 ret=   393.0 off=0.00
    upd  475 steps= 1,949,696 EV=+0.375 ret=   393.0 off=0.00
    upd  500 steps= 2,052,096 EV=+0.571 ret=   386.6 off=0.02
    upd  525 steps= 2,154,496 EV=+0.321 ret=   393.0 off=0.00
    upd  550 steps= 2,256,896 EV=+0.468 ret=   393.0 off=0.00
    upd  575 steps= 2,359,296 EV=+0.837 ret=   270.2 off=0.38
    upd  600 steps= 2,461,696 EV=+0.621 ret=   393.0 off=0.00
    upd  625 steps= 2,564,096 EV=+0.350 ret=   393.0 off=0.00
    upd  650 steps= 2,666,496 EV=+0.371 ret=   374.0 off=0.06
    upd  675 steps= 2,768,896 EV=+0.517 ret=   278.7 off=0.34
    upd  700 steps= 2,871,296 EV=+0.352 ret=   393.0 off=0.00
    upd  725 steps= 2,973,696 EV=+0.557 ret=   385.0 off=0.02
    upd  750 steps= 3,076,096 EV=+0.888 ret=   175.9 off=0.66
    upd  775 steps= 3,178,496 EV=+0.451 ret=   393.0 off=0.00
    upd  800 steps= 3,280,896 EV=+0.747 ret=   393.0 off=0.00
    upd  825 steps= 3,383,296 EV=+0.477 ret=   334.9 off=0.18
    upd  850 steps= 3,485,696 EV=+0.452 ret=   378.5 off=0.04
    upd  875 steps= 3,588,096 EV=+0.563 ret=   392.9 off=0.00
    upd  900 steps= 3,690,496 EV=+0.610 ret=   393.0 off=0.00
    upd  925 steps= 3,792,896 EV=+0.686 ret=   385.7 off=0.02
    upd  950 steps= 3,895,296 EV=+0.440 ret=   314.2 off=0.22
    upd  975 steps= 3,997,696 EV=+0.793 ret=   221.9 off=0.60
    upd 1000 steps= 4,100,096 EV=+0.582 ret=   278.8 off=0.36
    upd 1025 steps= 4,202,496 EV=+0.673 ret=   393.0 off=0.00
    upd 1050 steps= 4,304,896 EV=+0.636 ret=   393.0 off=0.00
    upd 1075 steps= 4,407,296 EV=+0.631 ret=   393.0 off=0.00
    upd 1100 steps= 4,509,696 EV=+0.664 ret=   373.6 off=0.06
    upd 1125 steps= 4,612,096 EV=+0.553 ret=   385.9 off=0.02
    upd 1150 steps= 4,714,496 EV=+0.818 ret=   385.8 off=0.02
    upd 1175 steps= 4,816,896 EV=+0.607 ret=   372.6 off=0.06
    upd 1200 steps= 4,919,296 EV=+0.591 ret=   391.9 off=0.00
  trained: 1220 updates, 101.5 min, EV tail +0.614

    design    condition     fail    rate  worst slip  occupancy
      0.40    attentive    9/60    15.0%       21.7°     0.0272
      0.40   distracted   10/60    16.7%       26.0°     0.0275
      0.47    attentive    9/60    15.0%       20.3°     0.0209
      0.47   distracted    9/60    15.0%       20.5°     0.0218
      0.54    attentive   11/60    18.3%       24.7°     0.0303
      0.54   distracted   10/60    16.7%       24.6°     0.0289
      0.61    attentive   11/60    18.3%       27.5°     0.0368
      0.61   distracted   14/60    23.3%       27.3°     0.0401
      0.65    attentive   11/60    18.3%       28.0°     0.0433
      0.65   distracted   14/60    23.3%       28.0°     0.0466

  A. Is it a driver?  best mean distance 353.2 m of 393 (90%), worst slip 28.0° (limit 12), occupancy 0.0466, EV tail +0.614
       *** IT DOES NOT DRIVE. Every failure rate below is an artefact of not moving.
       -> NO — nothing here is usable
  B. Reproduces Episode 10?  NO:
        0.40: 15% outside the expected 70%-100%
        0.54: 18% outside the expected 0%-10%
        0.61: 18% outside the expected 0%-10%
        0.65: 18% outside the expected 0%-10%
      Both A and B failed. The run is void.

  wrote experiments/power_review/out/phase3_1x_s1_*
======================================================================
POWER-REVIEW Phase 3 — Season 3 RL at 1x power
  drive_max 4500 -> 4500 N
  5,000,000 steps, design conditioned on front_mass_fraction (0.4, 0.65)

    upd    0 steps=     4,096 EV=-0.003 ret=    -9.5 off=1.00
    upd   25 steps=   106,496 EV=+0.661 ret=   -13.2 off=0.98
    upd   50 steps=   208,896 EV=+0.495 ret=    14.8 off=0.52
    upd   75 steps=   311,296 EV=+0.787 ret=    13.9 off=0.54
    upd  100 steps=   413,696 EV=+0.990 ret=    62.8 off=0.04
    upd  125 steps=   516,096 EV=+0.873 ret=    65.6 off=0.38
    upd  150 steps=   618,496 EV=+0.636 ret=   183.5 off=0.60
    upd  175 steps=   720,896 EV=+0.025 ret=   393.2 off=0.00
    upd  200 steps=   823,296 EV=+0.397 ret=   334.7 off=0.18
    upd  225 steps=   925,696 EV=+0.581 ret=   317.4 off=0.22
    upd  250 steps= 1,028,096 EV=+0.904 ret=   169.0 off=0.68
    upd  275 steps= 1,130,496 EV=+0.187 ret=   356.4 off=0.16
    upd  300 steps= 1,232,896 EV=+0.943 ret=    85.1 off=0.94
    upd  325 steps= 1,335,296 EV=+0.970 ret=   125.8 off=0.84
    upd  350 steps= 1,437,696 EV=+0.943 ret=   239.2 off=0.52
    upd  375 steps= 1,540,096 EV=+0.658 ret=   289.8 off=0.44
    upd  400 steps= 1,642,496 EV=+0.828 ret=   393.0 off=0.00
    upd  425 steps= 1,744,896 EV=+0.774 ret=   392.7 off=0.00
    upd  450 steps= 1,847,296 EV=+0.923 ret=   391.2 off=0.00
    upd  475 steps= 1,949,696 EV=+0.881 ret=   185.0 off=0.24
    upd  500 steps= 2,052,096 EV=+0.946 ret=    40.7 off=0.94
    upd  525 steps= 2,154,496 EV=+0.941 ret=    97.7 off=0.80
    upd  550 steps= 2,256,896 EV=+0.738 ret=   275.3 off=0.28
    upd  575 steps= 2,359,296 EV=+0.327 ret=   250.9 off=0.38
    upd  600 steps= 2,461,696 EV=+0.557 ret=   318.7 off=0.20
    upd  625 steps= 2,564,096 EV=+0.885 ret=   253.7 off=0.40
    upd  650 steps= 2,666,496 EV=+0.734 ret=   341.3 off=0.14
    upd  675 steps= 2,768,896 EV=+0.588 ret=   172.6 off=0.60
    upd  700 steps= 2,871,296 EV=+0.471 ret=   347.2 off=0.12
    upd  725 steps= 2,973,696 EV=+0.357 ret=   333.4 off=0.18
    upd  750 steps= 3,076,096 EV=+0.411 ret=   304.6 off=0.26
    upd  775 steps= 3,178,496 EV=+0.550 ret=   364.6 off=0.08
    upd  800 steps= 3,280,896 EV=+0.445 ret=   269.0 off=0.32
    upd  825 steps= 3,383,296 EV=+0.601 ret=   393.0 off=0.00
    upd  850 steps= 3,485,696 EV=+0.588 ret=   392.8 off=0.00
    upd  875 steps= 3,588,096 EV=+0.561 ret=   353.9 off=0.12
    upd  900 steps= 3,690,496 EV=+0.631 ret=   393.0 off=0.00
    upd  925 steps= 3,792,896 EV=+0.551 ret=   392.6 off=0.00
    upd  950 steps= 3,895,296 EV=+0.457 ret=   386.3 off=0.02
    upd  975 steps= 3,997,696 EV=+0.490 ret=   392.9 off=0.00
    upd 1000 steps= 4,100,096 EV=+0.144 ret=   358.3 off=0.10
    upd 1025 steps= 4,202,496 EV=+0.519 ret=   393.0 off=0.00
    upd 1050 steps= 4,304,896 EV=+0.086 ret=   329.6 off=0.14
    upd 1075 steps= 4,407,296 EV=+0.298 ret=   311.2 off=0.20
    upd 1100 steps= 4,509,696 EV=+0.643 ret=   345.2 off=0.10
    upd 1125 steps= 4,612,096 EV=+0.404 ret=   147.2 off=0.74
    upd 1150 steps= 4,714,496 EV=+0.486 ret=   385.2 off=0.02
    upd 1175 steps= 4,816,896 EV=+0.077 ret=   371.6 off=0.06
    upd 1200 steps= 4,919,296 EV=+0.491 ret=   366.6 off=0.08
  trained: 1220 updates, 101.1 min, EV tail +0.400

    design    condition     fail    rate  worst slip  occupancy
      0.40    attentive   35/60    58.3%       21.4°     0.0369
      0.40   distracted   37/60    61.7%       23.1°     0.0377
      0.47    attentive   23/60    38.3%       28.4°     0.0373
      0.47   distracted   24/60    40.0%       28.3°     0.0383
      0.54    attentive   11/60    18.3%       33.4°     0.0350
      0.54   distracted   12/60    20.0%       32.8°     0.0373
      0.61    attentive    6/60    10.0%       36.6°     0.0362
      0.61   distracted    7/60    11.7%       35.7°     0.0396
      0.65    attentive    4/60     6.7%       38.1°     0.0366
      0.65   distracted    5/60     8.3%       37.4°     0.0389

  A. Is it a driver?  best mean distance 375.6 m of 393 (96%), worst slip 38.1° (limit 12), occupancy 0.0396, EV tail +0.400
       -> NO — nothing here is usable
  B. Reproduces Episode 10?  NO:
        0.40: 58% outside the expected 70%-100%
        0.47: 38% outside the expected 2%-35%
        0.54: 18% outside the expected 0%-10%
      Both A and B failed. The run is void.

  wrote experiments/power_review/out/phase3_1x_s2_*
