======================================================================
POWER-REVIEW Phase 3 — Season 3 RL at 1x power
  drive_max 4500 -> 4500 N
  5,000,000 steps, design conditioned on front_mass_fraction (0.4, 0.65)

    upd    0 steps=     4,096 EV=-0.001 ret=   -13.3 off=1.00
    upd   25 steps=   106,496 EV=+0.679 ret=     5.1 off=0.74
    upd   50 steps=   208,896 EV=+0.876 ret=    -4.8 off=1.00
    upd   75 steps=   311,296 EV=+0.866 ret=     0.1 off=1.00
    upd  100 steps=   413,696 EV=+0.978 ret=    17.9 off=1.00
    upd  125 steps=   516,096 EV=+0.994 ret=    31.7 off=0.98
    upd  150 steps=   618,496 EV=+0.929 ret=   117.3 off=0.82
    upd  175 steps=   720,896 EV=+0.907 ret=   129.3 off=0.78
    upd  200 steps=   823,296 EV=+0.974 ret=   105.5 off=0.78
    upd  225 steps=   925,696 EV=+0.836 ret=    83.0 off=0.88
    upd  250 steps= 1,028,096 EV=+0.951 ret=   105.1 off=0.84
    upd  275 steps= 1,130,496 EV=+0.898 ret=   176.6 off=0.54
    upd  300 steps= 1,232,896 EV=+0.981 ret=   103.4 off=0.80
    upd  325 steps= 1,335,296 EV=+0.961 ret=    74.9 off=0.92
    upd  350 steps= 1,437,696 EV=+0.985 ret=    81.8 off=0.94
    upd  375 steps= 1,540,096 EV=+0.970 ret=   110.1 off=0.86
    upd  400 steps= 1,642,496 EV=+0.911 ret=   184.7 off=0.62
    upd  425 steps= 1,744,896 EV=+0.868 ret=   164.0 off=0.72
    upd  450 steps= 1,847,296 EV=+0.828 ret=   170.3 off=0.64
    upd  475 steps= 1,949,696 EV=+0.945 ret=   178.3 off=0.64
    upd  500 steps= 2,052,096 EV=+0.946 ret=   200.5 off=0.56
    upd  525 steps= 2,154,496 EV=+0.980 ret=   167.6 off=0.70
    upd  550 steps= 2,256,896 EV=+0.799 ret=   375.0 off=0.06
    upd  575 steps= 2,359,296 EV=+0.929 ret=   370.4 off=0.08
    upd  600 steps= 2,461,696 EV=+0.929 ret=   384.8 off=0.02
    upd  625 steps= 2,564,096 EV=+0.865 ret=   345.4 off=0.12
    upd  650 steps= 2,666,496 EV=+0.575 ret=   386.4 off=0.02
    upd  675 steps= 2,768,896 EV=+0.691 ret=   393.0 off=0.00
    upd  700 steps= 2,871,296 EV=+0.405 ret=   392.9 off=0.00
    upd  725 steps= 2,973,696 EV=+0.889 ret=   393.0 off=0.00
    upd  750 steps= 3,076,096 EV=+0.510 ret=   392.4 off=0.00
    upd  775 steps= 3,178,496 EV=+0.792 ret=   392.2 off=0.00
    upd  800 steps= 3,280,896 EV=+0.731 ret=   392.9 off=0.00
    upd  825 steps= 3,383,296 EV=+0.793 ret=   392.8 off=0.00
    upd  850 steps= 3,485,696 EV=+0.718 ret=   392.9 off=0.00
    upd  875 steps= 3,588,096 EV=+0.477 ret=   392.9 off=0.00
    upd  900 steps= 3,690,496 EV=+0.639 ret=   393.0 off=0.00
    upd  925 steps= 3,792,896 EV=+0.378 ret=   393.0 off=0.00
    upd  950 steps= 3,895,296 EV=+0.704 ret=   393.0 off=0.00
    upd  975 steps= 3,997,696 EV=+0.605 ret=   392.9 off=0.00
    upd 1000 steps= 4,100,096 EV=+0.731 ret=   392.4 off=0.00
    upd 1025 steps= 4,202,496 EV=+0.386 ret=   391.5 off=0.00
    upd 1050 steps= 4,304,896 EV=+0.400 ret=   389.1 off=0.00
    upd 1075 steps= 4,407,296 EV=+0.570 ret=   388.2 off=0.00
    upd 1100 steps= 4,509,696 EV=+0.500 ret=   392.4 off=0.00
    upd 1125 steps= 4,612,096 EV=+0.738 ret=   391.9 off=0.00
    upd 1150 steps= 4,714,496 EV=+0.513 ret=   391.8 off=0.00
    upd 1175 steps= 4,816,896 EV=+0.661 ret=   392.5 off=0.00
    upd 1200 steps= 4,919,296 EV=+0.492 ret=   391.6 off=0.00
  trained: 1220 updates, 100.7 min, EV tail +0.493

    design    condition     fail    rate  worst slip  occupancy
      0.40    attentive    0/60     0.0%      169.1°     0.0662
      0.40   distracted    0/60     0.0%       76.8°     0.0651
      0.47    attentive    0/60     0.0%       19.3°     0.0287
      0.47   distracted    0/60     0.0%       19.5°     0.0290
      0.54    attentive    0/60     0.0%       17.4°     0.0063
      0.54   distracted    0/60     0.0%       16.4°     0.0064
      0.61    attentive    0/60     0.0%       19.0°     0.0083
      0.61   distracted    0/60     0.0%       17.9°     0.0086
      0.65    attentive    0/60     0.0%       19.6°     0.0098
      0.65   distracted    0/60     0.0%       18.6°     0.0105

  *** 1x DOES NOT REPRODUCE Episode 11's structure:
        0.40: 0% outside the expected 70%-100%
        0.47: 0% outside the expected 2%-35%
      The 2x comparison rests on this. Treat both as void.

  wrote experiments/power_review/out/phase3_1x_*
======================================================================
POWER-REVIEW Phase 3 — Season 3 RL at 2x power
  drive_max 4500 -> 9000 N
  5,000,000 steps, design conditioned on front_mass_fraction (0.4, 0.65)

    upd    0 steps=     4,096 EV=-0.001 ret=   -10.3 off=1.00
