POWER-REVIEW Phase 3 — Season 3 RL at 2x power
  drive_max 4500 -> 9000 N
  5,000,000 steps, design conditioned on front_mass_fraction (0.4, 0.65)

    upd    0 steps=     4,096 EV=-0.001 ret=   -10.3 off=1.00
    upd   25 steps=   106,496 EV=+0.809 ret=    -8.1 off=1.00
    upd   50 steps=   208,896 EV=+0.784 ret=    11.2 off=1.00
    upd   75 steps=   311,296 EV=+0.739 ret=   243.3 off=0.40
    upd  100 steps=   413,696 EV=+0.774 ret=   147.2 off=0.66
    upd  125 steps=   516,096 EV=+0.888 ret=    92.6 off=0.92
    upd  150 steps=   618,496 EV=+0.802 ret=   248.0 off=0.44
    upd  175 steps=   720,896 EV=+0.786 ret=    99.6 off=0.84
    upd  200 steps=   823,296 EV=+0.967 ret=    66.2 off=0.94
    upd  225 steps=   925,696 EV=+0.926 ret=   146.6 off=0.72
    upd  250 steps= 1,028,096 EV=+0.863 ret=   239.5 off=0.46
    upd  275 steps= 1,130,496 EV=+0.672 ret=   305.2 off=0.28
    upd  300 steps= 1,232,896 EV=+0.889 ret=   174.9 off=0.42
    upd  325 steps= 1,335,296 EV=+0.423 ret=   359.7 off=0.04
    upd  350 steps= 1,437,696 EV=+0.424 ret=   386.0 off=0.02
    upd  375 steps= 1,540,096 EV=+0.177 ret=   385.0 off=0.02
    upd  400 steps= 1,642,496 EV=+0.222 ret=   393.0 off=0.00
    upd  425 steps= 1,744,896 EV=+0.460 ret=   386.6 off=0.02
    upd  450 steps= 1,847,296 EV=+0.216 ret=   360.6 off=0.10
    upd  475 steps= 1,949,696 EV=+0.400 ret=   380.5 off=0.04
    upd  500 steps= 2,052,096 EV=+0.339 ret=   288.7 off=0.32
    upd  525 steps= 2,154,496 EV=+0.930 ret=   340.5 off=0.00
    upd  550 steps= 2,256,896 EV=+0.326 ret=   393.0 off=0.00
    upd  575 steps= 2,359,296 EV=+0.668 ret=   391.7 off=0.00
    upd  600 steps= 2,461,696 EV=+0.554 ret=   392.1 off=0.00
    upd  625 steps= 2,564,096 EV=+0.257 ret=   392.8 off=0.00
    upd  650 steps= 2,666,496 EV=+0.760 ret=   362.0 off=0.08
    upd  675 steps= 2,768,896 EV=+0.253 ret=   393.0 off=0.00
    upd  700 steps= 2,871,296 EV=+0.974 ret=   392.7 off=0.00
    upd  725 steps= 2,973,696 EV=+0.359 ret=   379.1 off=0.04
    upd  750 steps= 3,076,096 EV=+0.648 ret=   390.9 off=0.00
    upd  775 steps= 3,178,496 EV=+0.537 ret=   352.9 off=0.10
    upd  800 steps= 3,280,896 EV=+0.203 ret=   341.9 off=0.14
    upd  825 steps= 3,383,296 EV=+0.501 ret=   393.0 off=0.00
    upd  850 steps= 3,485,696 EV=+0.456 ret=   392.1 off=0.00
    upd  875 steps= 3,588,096 EV=+0.260 ret=   351.2 off=0.12
    upd  900 steps= 3,690,496 EV=+0.474 ret=   354.9 off=0.12
    upd  925 steps= 3,792,896 EV=+0.490 ret=   380.3 off=0.04
    upd  950 steps= 3,895,296 EV=+0.793 ret=   392.6 off=0.00
    upd  975 steps= 3,997,696 EV=+0.392 ret=   379.8 off=0.00
    upd 1000 steps= 4,100,096 EV=+0.269 ret=   393.0 off=0.00
    upd 1025 steps= 4,202,496 EV=+0.057 ret=   386.3 off=0.00
    upd 1050 steps= 4,304,896 EV=+0.841 ret=   206.8 off=0.00
    upd 1075 steps= 4,407,296 EV=+0.662 ret=    18.0 off=0.20
    upd 1100 steps= 4,509,696 EV=+0.658 ret=   257.9 off=0.14
    upd 1125 steps= 4,612,096 EV=+0.652 ret=   311.3 off=0.16
    upd 1150 steps= 4,714,496 EV=+0.798 ret=   102.1 off=0.50
    upd 1175 steps= 4,816,896 EV=+0.837 ret=   266.2 off=0.02
    upd 1200 steps= 4,919,296 EV=+0.895 ret=   273.0 off=0.06
  trained: 1220 updates, 70.4 min, EV tail +0.791

    design    condition     fail    rate  worst slip  occupancy
      0.47    attentive    0/60     0.0%       15.6°     0.0014
      0.47   distracted    0/60     0.0%       16.7°     0.0017
      0.54    attentive    0/60     0.0%       12.1°     0.0001
      0.54   distracted    0/60     0.0%       12.3°     0.0001
      0.61    attentive   48/60    80.0%        8.0°     0.0000
      0.61   distracted   43/60    71.7%        8.1°     0.0000
      0.65    attentive    0/60     0.0%        1.9°     0.0000
      0.65   distracted    0/60     0.0%        2.3°     0.0000

  wrote experiments/power_review/out/phase3_*
